C51 COMPILER V9.54   MAIN                                                                  11/30/2018 15:41:12 PAGE 1   


C51 COMPILER V9.54, COMPILATION OF MODULE MAIN
OBJECT MODULE PLACED IN .\Objects\Main.obj
COMPILER INVOKED BY: C:\Keil_v5\C51\BIN\C51.EXE Source\Main.c OPTIMIZE(8,SPEED) BROWSE DEBUG OBJECTEXTEND PRINT(.\Listin
                    -gs\Main.lst) TABS(2) OBJECT(.\Objects\Main.obj)

line level    source

   1          //Program Size: data=9.0 xdata=0 code=99
   2          //HexConvertVer = V22
   3          //CheckSum = 0xC6A7
   4          //2018.10.09_V3.2
   5          
   6          #include "PWM.h"
   7          
   8          //========================================================================================================
             -=====//
   9          //main loop
  10          //========================================================================================================
             -=====//
  11          void main(void)
  12          {
  13   1        Systeminit(); 
  14   1        PWMinit();  
  15   1        while (1) 
  16   1        {
  17   2          WDTR = 0x5A;        // clear watchdog if watchdog enable
  18   2        }
  19   1      }
  20          
  21          
  22          void Systeminit(void)
  23          {
  24   1      //系统时钟寄存器,From 最大跑8M  
  25   1      //====================================================================================//
  26   1        CLKSEL = 0x06;                  // Fcpu = 32M/2 = 16M
  27   1        CLKCMD = 0x69;        
  28   1        CKCON = 0x10;                   // From = 8M
  29   1        
  30   1      //清看门狗
  31   1      //====================================================================================//  
  32   1        WDTR = 0x5A;                    // clear watchdog 
  33   1      
  34   1      //GPIO口初始化,当该IO口设为PWM口时,需将该IO口设置成输出模式,把上拉关闭  
  35   1      //====================================================================================//  
  36   1        P0 = 0;
  37   1        P0M = 0;
  38   1        P0UR = 0xff;
  39   1      
  40   1        P1 = 0;
  41   1        P1M = 0;
  42   1        P1UR = 0xff;
  43   1      
  44   1        P2 = 0;
  45   1        P2M = 0;
  46   1        P2UR = 0xff;
  47   1        
  48   1      }


MODULE INFORMATION:   STATIC OVERLAYABLE
   CODE SIZE        =     46    ----
C51 COMPILER V9.54   MAIN                                                                  11/30/2018 15:41:12 PAGE 2   

   CONSTANT SIZE    =   ----    ----
   XDATA SIZE       =   ----    ----
   PDATA SIZE       =   ----    ----
   DATA SIZE        =   ----    ----
   IDATA SIZE       =   ----    ----
   BIT SIZE         =   ----    ----
END OF MODULE INFORMATION.


C51 COMPILATION COMPLETE.  0 WARNING(S),  0 ERROR(S)
