C51 COMPILER V9.54   MAIN                                                                  12/05/2018 13:26:02 PAGE 1   


C51 COMPILER V9.54, COMPILATION OF MODULE MAIN
OBJECT MODULE PLACED IN .\Objects\main.obj
COMPILER INVOKED BY: C:\Keil_v5\C51\BIN\C51.EXE Src\main.c OPTIMIZE(8,SPEED) BROWSE DEBUG OBJECTEXTEND PRINT(.\Listings\
                    -main.lst) TABS(2) OBJECT(.\Objects\main.obj)

line level    source

   1          #include "sn8f5702.h"
   2          #include "eeprom.h"
   3          
   4          #define DATA_ADDR  0
   5          uint8_t g_cTxDataBuf[5] = {0xAA,0xAB,0xAC,0xAD,0xAE};         // for test
   6          uint8_t g_cRxDataBuf[5] = 0;                                  // for test
   7          /*********************************************************************************************************
             -****
   8          Function: I2C Master DemoCode
   9          **********************************************************************************************************
             -***/
  10          void main(void) 
  11          {
  12   1        CLKSEL = 0x07;                  // Fcpu = 32M / 1
  13   1        CLKCMD = 0x69;
  14   1        CKCON = 0x31;                   // 4 read cycles
  15   1        
  16   1        P0 = 0x00;
  17   1        P0M = 0x00;
  18   1        P0UR = 0xFF;                    // set input with pull-up         
  19   1                
  20   1        P1 = 0x00;
  21   1        P1M = 0x00;
  22   1        P1UR = 0xFF;                    // set input with pull-up         
  23   1                        
  24   1        P2 = 0x00;
  25   1        P2M = 0x00;
  26   1        P2UR = 0xFF;                    // set input with pull-up
  27   1      
  28   1        i2c_master_init();    
  29   1        
  30   1        while (1) 
  31   1        {
  32   2          WDTR = 0x5A;                // clear watchdog   
  33   2          
  34   2      //    eeprom_write_page(EEPROM_ADDR,DATA_ADDR, g_cTxDataBuf, sizeof(g_cTxDataBuf));   // Master Transmit Page
             -  (NumByteToWrite must less than The remaining capacity of the page)
  35   2          
  36   2      //    eeprom_write_n_byte(EEPROM_ADDR,DATA_ADDR, g_cTxDataBuf, sizeof(g_cTxDataBuf));   // Master Transmit Nb
             -yte 
  37   2          
  38   2          eeprom_read_n_byte(EEPROM_ADDR,DATA_ADDR, g_cRxDataBuf, sizeof(g_cRxDataBuf));    // Master Receive  Nbyte
             -    
  39   2        }
  40   1      }
  41              
  42            


MODULE INFORMATION:   STATIC OVERLAYABLE
   CODE SIZE        =     56    ----
   CONSTANT SIZE    =   ----    ----
   XDATA SIZE       =   ----    ----
   PDATA SIZE       =   ----    ----
C51 COMPILER V9.54   MAIN                                                                  12/05/2018 13:26:02 PAGE 2   

   DATA SIZE        =     10    ----
   IDATA SIZE       =   ----    ----
   BIT SIZE         =   ----    ----
END OF MODULE INFORMATION.


C51 COMPILATION COMPLETE.  0 WARNING(S),  0 ERROR(S)
