C51 COMPILER V9.56.0.0   TIMER0                                                            09/30/2018 15:08:40 PAGE 1   


C51 COMPILER V9.56.0.0, COMPILATION OF MODULE TIMER0
OBJECT MODULE PLACED IN .\Output\Timer0.obj
COMPILER INVOKED BY: C:\Keil_v5\C51\BIN\C51.EXE SRC\Timer0.c OPTIMIZE(8,SPEED) BROWSE INCDIR(.\SRC) DEBUG OBJECTEXTEND P
                    -RINT(.\LST\Timer0.lst) TABS(2) OBJECT(.\Output\Timer0.obj)

line level    source

   1          
   2          #include "Timer0.h"
   3          
   4          bit f_1ms = 0;                                            //1ms标志位
   5          idata uint8_t r_timer_5ms = L_TIMER_5MS;                  //5ms基准时间,用来判断该帧数据是否发送完成
   6          //==============================================================================================//
   7          //  Timer0 init 定时1ms
   8          //==============================================================================================//
   9          void Timer0init(void)
  10          {
  11   1        TMOD = 0x06;          
  12   1        TCON0 = 0x00;        
  13   1        TH0 = 0x06;           
  14   1        TL0 = 0x06;           
  15   1        TR0 = 1;              
  16   1        ET0 = 1;                                                   
  17   1      }
  18          
  19          //==============================================================================================//
  20          //  Timer0 ISR
  21          //==============================================================================================//
  22          void Timer0ISR(void) interrupt ISRTimer0   // Vector @  0x0B
  23          {
  24   1        f_1ms = 1;    
  25   1      }
  26          


MODULE INFORMATION:   STATIC OVERLAYABLE
   CODE SIZE        =     20    ----
   CONSTANT SIZE    =   ----    ----
   XDATA SIZE       =   ----    ----
   PDATA SIZE       =   ----    ----
   DATA SIZE        =   ----    ----
   IDATA SIZE       =      1    ----
   BIT SIZE         =      1    ----
END OF MODULE INFORMATION.


C51 COMPILATION COMPLETE.  0 WARNING(S),  0 ERROR(S)
