C51 COMPILER V9.56.0.0   MAIN                                                              12/16/2019 11:11:29 PAGE 1   


C51 COMPILER V9.56.0.0, COMPILATION OF MODULE MAIN
OBJECT MODULE PLACED IN .\Objects\main.obj
COMPILER INVOKED BY: C:\Keil_v5\C51\BIN\C51.EXE Src\main.c OPTIMIZE(8,SPEED) BROWSE DEBUG OBJECTEXTEND PRINT(.\Listings\
                    -main.lst) TABS(2) OBJECT(.\Objects\main.obj)

line level    source

   1          #include "sn8f5702.h"
   2          #include "i2c_master.h"
   3          
   4          uint8_t g_cTxDataBuf[MAX_BUF_LEN] = {5,4,3,2,1};            // for test
   5          uint8_t g_cRxDataBuf[MAX_BUF_LEN] = 0;              // for test
   6          /*********************************************************************************************************
             -****
   7          Function: I2C Master DemoCode
   8          **********************************************************************************************************
             -***/
   9          void main(void) 
  10          {
  11   1        CLKSEL = 0x07;                  // Fcpu = 32M / 4
  12   1        CLKCMD = 0x69;
  13   1        CKCON = 0x30;                   // 4 read cycles
  14   1        
  15   1        P0 = 0x00;
  16   1        P0M = 0x00;
  17   1        P0UR = 0xFF;                    // set input with pull-up         
  18   1                
  19   1        P1 = 0x00;
  20   1        P1M = 0x00;
  21   1        P1UR = 0xFF;                    // set input with pull-up         
  22   1                        
  23   1        P2 = 0x00;
  24   1        P2M = 0x00;
  25   1        P2UR = 0xFF;                    // set input with pull-up
  26   1      
  27   1        i2c_master_init();    
  28   1      
  29   1        while (1) 
  30   1        {
  31   2          WDTR = 0x5A;                // clear watchdog   
  32   2          
  33   2          i2c_master_read_n_byte(I2C_SLAVE_ADDR, g_cRxDataBuf, sizeof(g_cRxDataBuf));   // Master Receive
  34   2          
  35   2      //    i2c_master_write_n_byte(I2C_SLAVE_ADDR, g_cTxDataBuf, sizeof(g_cTxDataBuf));  // Master Transmit 
  36   2          
  37   2        }
  38   1      }
  39              
  40            


MODULE INFORMATION:   STATIC OVERLAYABLE
   CODE SIZE        =     53    ----
   CONSTANT SIZE    =   ----    ----
   XDATA SIZE       =   ----    ----
   PDATA SIZE       =   ----    ----
   DATA SIZE        =     10    ----
   IDATA SIZE       =   ----    ----
   BIT SIZE         =   ----    ----
END OF MODULE INFORMATION.


C51 COMPILATION COMPLETE.  0 WARNING(S),  0 ERROR(S)
