C51 COMPILER V9.56.0.0   MAIN                                                              09/30/2018 14:31:03 PAGE 1   


C51 COMPILER V9.56.0.0, COMPILATION OF MODULE MAIN
OBJECT MODULE PLACED IN .\Output\Main.obj
COMPILER INVOKED BY: C:\Keil_v5\C51\BIN\C51.EXE SRC\Main.c OPTIMIZE(8,SPEED) BROWSE INCDIR(.\SRC) DEBUG OBJECTEXTEND PRI
                    -NT(.\LST\Main.lst) TABS(2) OBJECT(.\Output\Main.obj)

line level    source

   1          // The system clock frequency is IHRC 32MHz
   2          //Program Size: data=9.0 xdata=0 code=113
   3          //HexConvertVer = V22
   4          //CheckSum = 0xBBB5
   5          //2018.10.09_V3.2
   6          
   7          #include "Timer0.h"
   8          
   9          //========================================================================================================
             -=====//
  10          //main loop
  11          //========================================================================================================
             -=====//
  12          void main(void)
  13          { 
  14   1        Systeminit(); 
  15   1        Timer0init();   
  16   1        EAL = 1;                      // Golbal Interrupt enable
  17   1        while (1) 
  18   1        {
  19   2          WDTR = 0x5A;                // clear watchdog if watchdog enable
  20   2        }
  21   1      }
  22          
  23          //==============================================================================================//
  24          //  Systeminit
  25          //==============================================================================================//
  26          void Systeminit(void)
  27          { 
  28   1      //系统时钟寄存器,From 最大跑8M  
  29   1      //====================================================================================//
  30   1        CLKSEL = 0x06;                  // Fcpu = 32M/2 = 16M
  31   1        CLKCMD = 0x69;        
  32   1        CKCON = 0x10;                   // From = 8M
  33   1        
  34   1      //清看门狗
  35   1      //====================================================================================//  
  36   1        WDTR = 0x5A;                    // clear watchdog 
  37   1      
  38   1      //GPIO初始化, P24,P26输出低,检测定时是否正确
  39   1      //====================================================================================//  
  40   1        P0 = 0;
  41   1        P0M = 0;
  42   1        P0UR = 0xff;
  43   1      
  44   1        P1 = 0;
  45   1        P1M = 0x50;               // P1.4/P1.6 as output low
  46   1        P1UR = 0xff;
  47   1      
  48   1        P2 = 0;
  49   1        P2M = 0;                
  50   1        P2UR = 0xaf;
  51   1      }

C51 COMPILER V9.56.0.0   MAIN                                                              09/30/2018 14:31:03 PAGE 2   


MODULE INFORMATION:   STATIC OVERLAYABLE
   CODE SIZE        =     49    ----
   CONSTANT SIZE    =   ----    ----
   XDATA SIZE       =   ----    ----
   PDATA SIZE       =   ----    ----
   DATA SIZE        =   ----    ----
   IDATA SIZE       =   ----    ----
   BIT SIZE         =   ----    ----
END OF MODULE INFORMATION.


C51 COMPILATION COMPLETE.  0 WARNING(S),  0 ERROR(S)
